// Jest Snapshot v1, https://goo.gl/fbAQLP

exports[`<Player /> renders the <Player /> with a bunny video 1`] = `
<div
  class="player__Container-lq90aj-0"
>
  <button
    class="player__Button-lq90aj-4 hkHfEq"
  >
    <svg
      fill="currentColor"
      height="1em"
      stroke="currentColor"
      stroke-width="0"
      viewBox="0 0 512 512"
      width="1em"
      xmlns="http://www.w3.org/2000/svg"
    >
      <path
        d="M96 52v408l320-204L96 52z"
      />
    </svg>
     Play
  </button>
</div>
`;
